Archive member included to satisfy reference by file (symbol)

/home/yusuf/st/stm32cubeide_2.2.0/plugins/com.st.stm32cube.ide.mcu.externaltools.gnu-tools-for-stm32.14.3.rel1.linux64_1.0.100.202602081740/tools/bin/../lib/gcc/arm-none-eabi/14.3.1/../../../../arm-none-eabi/lib/thumb/v7-m/nofp/libc_nano.a(libc_a-exit.o)
                              /home/yusuf/st/stm32cubeide_2.2.0/plugins/com.st.stm32cube.ide.mcu.externaltools.gnu-tools-for-stm32.14.3.rel1.linux64_1.0.100.202602081740/tools/bin/../lib/gcc/arm-none-eabi/14.3.1/../../../../arm-none-eabi/lib/thumb/v7-m/nofp/crt0.o (exit)
/home/yusuf/st/stm32cubeide_2.2.0/plugins/com.st.stm32cube.ide.mcu.externaltools.gnu-tools-for-stm32.14.3.rel1.linux64_1.0.100.202602081740/tools/bin/../lib/gcc/arm-none-eabi/14.3.1/../../../../arm-none-eabi/lib/thumb/v7-m/nofp/libc_nano.a(libc_a-findfp.o)
                              /home/yusuf/st/stm32cubeide_2.2.0/plugins/com.st.stm32cube.ide.mcu.externaltools.gnu-tools-for-stm32.14.3.rel1.linux64_1.0.100.202602081740/tools/bin/../lib/gcc/arm-none-eabi/14.3.1/../../../../arm-none-eabi/lib/thumb/v7-m/nofp/libc_nano.a(libc_a-exit.o) (__stdio_exit_handler)
/home/yusuf/st/stm32cubeide_2.2.0/plugins/com.st.stm32cube.ide.mcu.externaltools.gnu-tools-for-stm32.14.3.rel1.linux64_1.0.100.202602081740/tools/bin/../lib/gcc/arm-none-eabi/14.3.1/../../../../arm-none-eabi/lib/thumb/v7-m/nofp/libc_nano.a(libc_a-fwalk.o)
                              /home/yusuf/st/stm32cubeide_2.2.0/plugins/com.st.stm32cube.ide.mcu.externaltools.gnu-tools-for-stm32.14.3.rel1.linux64_1.0.100.202602081740/tools/bin/../lib/gcc/arm-none-eabi/14.3.1/../../../../arm-none-eabi/lib/thumb/v7-m/nofp/libc_nano.a(libc_a-findfp.o) (_fwalk_sglue)
/home/yusuf/st/stm32cubeide_2.2.0/plugins/com.st.stm32cube.ide.mcu.externaltools.gnu-tools-for-stm32.14.3.rel1.linux64_1.0.100.202602081740/tools/bin/../lib/gcc/arm-none-eabi/14.3.1/../../../../arm-none-eabi/lib/thumb/v7-m/nofp/libc_nano.a(libc_a-stdio.o)
                              /home/yusuf/st/stm32cubeide_2.2.0/plugins/com.st.stm32cube.ide.mcu.externaltools.gnu-tools-for-stm32.14.3.rel1.linux64_1.0.100.202602081740/tools/bin/../lib/gcc/arm-none-eabi/14.3.1/../../../../arm-none-eabi/lib/thumb/v7-m/nofp/libc_nano.a(libc_a-findfp.o) (__sread)
/home/yusuf/st/stm32cubeide_2.2.0/plugins/com.st.stm32cube.ide.mcu.externaltools.gnu-tools-for-stm32.14.3.rel1.linux64_1.0.100.202602081740/tools/bin/../lib/gcc/arm-none-eabi/14.3.1/../../../../arm-none-eabi/lib/thumb/v7-m/nofp/libc_nano.a(libc_a-memset.o)
                              /home/yusuf/st/stm32cubeide_2.2.0/plugins/com.st.stm32cube.ide.mcu.externaltools.gnu-tools-for-stm32.14.3.rel1.linux64_1.0.100.202602081740/tools/bin/../lib/gcc/arm-none-eabi/14.3.1/../../../../arm-none-eabi/lib/thumb/v7-m/nofp/crt0.o (memset)
/home/yusuf/st/stm32cubeide_2.2.0/plugins/com.st.stm32cube.ide.mcu.externaltools.gnu-tools-for-stm32.14.3.rel1.linux64_1.0.100.202602081740/tools/bin/../lib/gcc/arm-none-eabi/14.3.1/../../../../arm-none-eabi/lib/thumb/v7-m/nofp/libc_nano.a(libc_a-closer.o)
                              /home/yusuf/st/stm32cubeide_2.2.0/plugins/com.st.stm32cube.ide.mcu.externaltools.gnu-tools-for-stm32.14.3.rel1.linux64_1.0.100.202602081740/tools/bin/../lib/gcc/arm-none-eabi/14.3.1/../../../../arm-none-eabi/lib/thumb/v7-m/nofp/libc_nano.a(libc_a-stdio.o) (_close_r)
/home/yusuf/st/stm32cubeide_2.2.0/plugins/com.st.stm32cube.ide.mcu.externaltools.gnu-tools-for-stm32.14.3.rel1.linux64_1.0.100.202602081740/tools/bin/../lib/gcc/arm-none-eabi/14.3.1/../../../../arm-none-eabi/lib/thumb/v7-m/nofp/libc_nano.a(libc_a-reent.o)
                              /home/yusuf/st/stm32cubeide_2.2.0/plugins/com.st.stm32cube.ide.mcu.externaltools.gnu-tools-for-stm32.14.3.rel1.linux64_1.0.100.202602081740/tools/bin/../lib/gcc/arm-none-eabi/14.3.1/../../../../arm-none-eabi/lib/thumb/v7-m/nofp/libc_nano.a(libc_a-closer.o) (errno)
/home/yusuf/st/stm32cubeide_2.2.0/plugins/com.st.stm32cube.ide.mcu.externaltools.gnu-tools-for-stm32.14.3.rel1.linux64_1.0.100.202602081740/tools/bin/../lib/gcc/arm-none-eabi/14.3.1/../../../../arm-none-eabi/lib/thumb/v7-m/nofp/libc_nano.a(libc_a-impure.o)
                              /home/yusuf/st/stm32cubeide_2.2.0/plugins/com.st.stm32cube.ide.mcu.externaltools.gnu-tools-for-stm32.14.3.rel1.linux64_1.0.100.202602081740/tools/bin/../lib/gcc/arm-none-eabi/14.3.1/../../../../arm-none-eabi/lib/thumb/v7-m/nofp/libc_nano.a(libc_a-reent.o) (_impure_ptr)
/home/yusuf/st/stm32cubeide_2.2.0/plugins/com.st.stm32cube.ide.mcu.externaltools.gnu-tools-for-stm32.14.3.rel1.linux64_1.0.100.202602081740/tools/bin/../lib/gcc/arm-none-eabi/14.3.1/../../../../arm-none-eabi/lib/thumb/v7-m/nofp/libc_nano.a(libc_a-lseekr.o)
[...]
Memory Configuration

Name             Origin             Length             Attributes
RAM              0x20000000         0x00005000         xrw
FLASH            0x08000000         0x00010000         xr
*default*        0x00000000         0xffffffff

Linker script and memory map

LOAD /home/yusuf/st/stm32cubeide_2.2.0/plugins/com.st.stm32cube.ide.mcu.externaltools.gnu-tools-for-stm32.14.3.rel1.linux64_1.0.100.202602081740/tools/bin/../lib/gcc/arm-none-eabi/14.3.1/thumb/v7-m/nofp/crti.o
LOAD /home/yusuf/st/stm32cubeide_2.2.0/plugins/com.st.stm32cube.ide.mcu.externaltools.gnu-tools-for-stm32.14.3.rel1.linux64_1.0.100.202602081740/tools/bin/../lib/gcc/arm-none-eabi/14.3.1/thumb/v7-m/nofp/crtbegin.o
LOAD /home/yusuf/st/stm32cubeide_2.2.0/plugins/com.st.stm32cube.ide.mcu.externaltools.gnu-tools-for-stm32.14.3.rel1.linux64_1.0.100.202602081740/tools/bin/../lib/gcc/arm-none-eabi/14.3.1/../../../../arm-none-eabi/lib/thumb/v7-m/nofp/crt0.o
LOAD ./Core/Src/can.o
LOAD ./Core/Src/freertos.o
LOAD ./Core/Src/gpio.o
LOAD ./Core/Src/i2c.o
LOAD ./Core/Src/main.o
LOAD ./Core/Src/stm32f1xx_hal_msp.o
LOAD ./Core/Src/stm32f1xx_it.o
LOAD ./Core/Src/syscalls.o
LOAD ./Core/Src/sysmem.o
LOAD ./Core/Src/system_stm32f1xx.o
LOAD ./Core/Src/usart.o
LOAD ./Core/Startup/startup_stm32f103c8tx.o
LOAD ./Drivers/STM32F1xx_HAL_Driver/stm32f1xx_hal.o
LOAD ./Drivers/STM32F1xx_HAL_Driver/stm32f1xx_hal_can.o
LOAD ./Drivers/STM32F1xx_HAL_Driver/stm32f1xx_hal_cortex.o
LOAD ./Drivers/STM32F1xx_HAL_Driver/stm32f1xx_hal_dma.o
LOAD ./Drivers/STM32F1xx_HAL_Driver/stm32f1xx_hal_exti.o
LOAD ./Drivers/STM32F1xx_HAL_Driver/stm32f1xx_hal_flash.o
LOAD ./Drivers/STM32F1xx_HAL_Driver/stm32f1xx_hal_flash_ex.o
LOAD ./Drivers/STM32F1xx_HAL_Driver/stm32f1xx_hal_gpio.o
LOAD ./Drivers/STM32F1xx_HAL_Driver/stm32f1xx_hal_gpio_ex.o
LOAD ./Drivers/STM32F1xx_HAL_Driver/stm32f1xx_hal_i2c.o
LOAD ./Drivers/STM32F1xx_HAL_Driver/stm32f1xx_hal_pwr.o
LOAD ./Drivers/STM32F1xx_HAL_Driver/stm32f1xx_hal_rcc.o
LOAD ./Drivers/STM32F1xx_HAL_Driver/stm32f1xx_hal_rcc_ex.o
LOAD ./Drivers/STM32F1xx_HAL_Driver/stm32f1xx_hal_uart.o
LOAD ./Middlewares/FreeRTOS/cmsis_os2.o
LOAD ./Middlewares/FreeRTOS/croutine.o
LOAD ./Middlewares/FreeRTOS/event_groups.o
LOAD ./Middlewares/FreeRTOS/heap_4.o
LOAD ./Middlewares/FreeRTOS/list.o
LOAD ./Middlewares/FreeRTOS/port.o
LOAD ./Middlewares/FreeRTOS/queue.o
LOAD ./Middlewares/FreeRTOS/stream_buffer.o
LOAD ./Middlewares/FreeRTOS/tasks.o
LOAD ./Middlewares/FreeRTOS/timers.o
START GROUP
LOAD /home/yusuf/st/stm32cubeide_2.2.0/plugins/com.st.stm32cube.ide.mcu.externaltools.gnu-tools-for-stm32.14.3.rel1.linux64_1.0.100.202602081740/tools/bin/../lib/gcc/arm-none-eabi/14.3.1/../../../../arm-none-eabi/lib/thumb/v7-m/nofp/libc_nano.a
LOAD /home/yusuf/st/stm32cubeide_2.2.0/plugins/com.st.stm32cube.ide.mcu.externaltools.gnu-tools-for-stm32.14.3.rel1.linux64_1.0.100.202602081740/tools/bin/../lib/gcc/arm-none-eabi/14.3.1/../../../../arm-none-eabi/lib/thumb/v7-m/nofp/libm.a
END GROUP
START GROUP
LOAD /home/yusuf/st/stm32cubeide_2.2.0/plugins/com.st.stm32cube.ide.mcu.externaltools.gnu-tools-for-stm32.14.3.rel1.linux64_1.0.100.202602081740/tools/bin/../lib/gcc/arm-none-eabi/14.3.1/thumb/v7-m/nofp/libgcc.a
LOAD /home/yusuf/st/stm32cubeide_2.2.0/plugins/com.st.stm32cube.ide.mcu.externaltools.gnu-tools-for-stm32.14.3.rel1.linux64_1.0.100.202602081740/tools/bin/../lib/gcc/arm-none-eabi/14.3.1/../../../../arm-none-eabi/lib/thumb/v7-m/nofp/libc_nano.a
END GROUP
START GROUP
LOAD /home/yusuf/st/stm32cubeide_2.2.0/plugins/com.st.stm32cube.ide.mcu.externaltools.gnu-tools-for-stm32.14.3.rel1.linux64_1.0.100.202602081740/tools/bin/../lib/gcc/arm-none-eabi/14.3.1/thumb/v7-m/nofp/libgcc.a
LOAD /home/yusuf/st/stm32cubeide_2.2.0/plugins/com.st.stm32cube.ide.mcu.externaltools.gnu-tools-for-stm32.14.3.rel1.linux64_1.0.100.202602081740/tools/bin/../lib/gcc/arm-none-eabi/14.3.1/../../../../arm-none-eabi/lib/thumb/v7-m/nofp/libc_nano.a
LOAD /home/yusuf/st/stm32cubeide_2.2.0/plugins/com.st.stm32cube.ide.mcu.externaltools.gnu-tools-for-stm32.14.3.rel1.linux64_1.0.100.202602081740/tools/bin/../lib/gcc/arm-none-eabi/14.3.1/../../../../arm-none-eabi/lib/thumb/v7-m/nofp/libnosys.a
END GROUP
START GROUP
LOAD /home/yusuf/st/stm32cubeide_2.2.0/plugins/com.st.stm32cube.ide.mcu.externaltools.gnu-tools-for-stm32.14.3.rel1.linux64_1.0.100.202602081740/tools/bin/../lib/gcc/arm-none-eabi/14.3.1/thumb/v7-m/nofp/libgcc.a
LOAD /home/yusuf/st/stm32cubeide_2.2.0/plugins/com.st.stm32cube.ide.mcu.externaltools.gnu-tools-for-stm32.14.3.rel1.linux64_1.0.100.202602081740/tools/bin/../lib/gcc/arm-none-eabi/14.3.1/../../../../arm-none-eabi/lib/thumb/v7-m/nofp/libc_nano.a
LOAD /home/yusuf/st/stm32cubeide_2.2.0/plugins/com.st.stm32cube.ide.mcu.externaltools.gnu-tools-for-stm32.14.3.rel1.linux64_1.0.100.202602081740/tools/bin/../lib/gcc/arm-none-eabi/14.3.1/../../../../arm-none-eabi/lib/thumb/v7-m/nofp/libnosys.a
END GROUP
LOAD /home/yusuf/st/stm32cubeide_2.2.0/plugins/com.st.stm32cube.ide.mcu.externaltools.gnu-tools-for-stm32.14.3.rel1.linux64_1.0.100.202602081740/tools/bin/../lib/gcc/arm-none-eabi/14.3.1/thumb/v7-m/nofp/crtend.o
LOAD /home/yusuf/st/stm32cubeide_2.2.0/plugins/com.st.stm32cube.ide.mcu.externaltools.gnu-tools-for-stm32.14.3.rel1.linux64_1.0.100.202602081740/tools/bin/../lib/gcc/arm-none-eabi/14.3.1/thumb/v7-m/nofp/crtn.o
                0x20005000                        _estack = (ORIGIN (RAM) + LENGTH (RAM))
                0x00000200                        _Min_Heap_Size = 0x200
                0x00000400                        _Min_Stack_Size = 0x400

.isr_vector     0x08000000      0x10c
                0x08000000                        . = ALIGN (0x4)
 *(.isr_vector)
 .isr_vector    0x08000000      0x10c ./Core/Startup/startup_stm32f103c8tx.o
                0x08000000                g_pfnVectors
                0x0800010c                        . = ALIGN (0x4)

.text           0x08000110     0x51dc
                0x08000110                        . = ALIGN (0x4)
 *(.text)
 .text          0x08000110       0x40 /home/yusuf/st/stm32cubeide_2.2.0/plugins/com.st.stm32cube.ide.mcu.externaltools.gnu-tools-for-stm32.14.3.rel1.linux64_1.0.100.202602081740/tools/bin/../lib/gcc/arm-none-eabi/14.3.1/thumb/v7-m/nofp/crtbegin.o
 .text          0x08000150      0x168 /home/yusuf/st/stm32cubeide_2.2.0/plugins/com.st.stm32cube.ide.mcu.externaltools.gnu-tools-for-stm32.14.3.rel1.linux64_1.0.100.202602081740/tools/bin/../lib/gcc/arm-none-eabi/14.3.1/thumb/v7-m/nofp/libgcc.a(_arm_mulsf3.o)
                0x08000150                __mulsf3
                0x08000150                __aeabi_fmul
 .text          0x080002b8       0x4c /home/yusuf/st/stm32cubeide_2.2.0/plugins/com.st.stm32cube.ide.mcu.externaltools.gnu-tools-for-stm32.14.3.rel1.linux64_1.0.100.202602081740/tools/bin/../lib/gcc/arm-none-eabi/14.3.1/thumb/v7-m/nofp/libgcc.a(_arm_fixsfsi.o)
                0x080002b8                __fixsfsi
                0x080002b8                __aeabi_f2iz
 *(.text*)
 .text.MX_CAN_Init
                0x08000304       0x6c ./Core/Src/can.o
                0x08000304                MX_CAN_Init
 .text.HAL_CAN_MspInit
                0x08000370       0x98 ./Core/Src/can.o
                0x08000370                HAL_CAN_MspInit
 .text.MX_FREERTOS_Init
                0x08000408       0xec ./Core/Src/freertos.o
                0x08000408                MX_FREERTOS_Init
 .text.IMU_Task
                0x080004f4       0x4c ./Core/Src/freertos.o
                0x080004f4                IMU_Task
 .text.Baro_Task
                0x08000540       0x40 ./Core/Src/freertos.o
                0x08000540                Baro_Task
 .text.Mag_Task
                0x08000580       0x38 ./Core/Src/freertos.o
                0x08000580                Mag_Task
 .text.CAN_TX_Task
                0x080005b8      0x1d0 ./Core/Src/freertos.o
                0x080005b8                CAN_TX_Task
 .text.WDG_Task
                0x08000788       0x28 ./Core/Src/freertos.o
                0x08000788                WDG_Task
 .text.MX_GPIO_Init
                0x080007b0       0x98 ./Core/Src/gpio.o
                0x080007b0                MX_GPIO_Init
 .text.MX_I2C1_Init
                0x08000848       0x5c ./Core/Src/i2c.o
                0x08000848                MX_I2C1_Init
 .text.HAL_I2C_MspInit
                0x080008a4       0x7c ./Core/Src/i2c.o
                0x080008a4                HAL_I2C_MspInit
 .text.main     0x08000920       0x2c ./Core/Src/main.o
                0x08000920                main
 .text.SystemClock_Config
                0x0800094c       0x82 ./Core/Src/main.o
                0x0800094c                SystemClock_Config
 .text.Error_Handler
                0x080009ce        0xc ./Core/Src/main.o
                0x080009ce                Error_Handler
 *fill*         0x080009da        0x2 
 .text.HAL_MspInit
                0x080009dc       0x70 ./Core/Src/stm32f1xx_hal_msp.o
                0x080009dc                HAL_MspInit
 .text.NMI_Handler
                0x08000a4c        0x8 ./Core/Src/stm32f1xx_it.o
                0x08000a4c                NMI_Handler
 .text.HardFault_Handler
                0x08000a54        0x8 ./Core/Src/stm32f1xx_it.o
                0x08000a54                HardFault_Handler
 .text.MemManage_Handler
                0x08000a5c        0x8 ./Core/Src/stm32f1xx_it.o
                0x08000a5c                MemManage_Handler
 .text.BusFault_Handler
                0x08000a64        0x8 ./Core/Src/stm32f1xx_it.o
                0x08000a64                BusFault_Handler
 .text.UsageFault_Handler
                0x08000a6c        0x8 ./Core/Src/stm32f1xx_it.o
                0x08000a6c                UsageFault_Handler
 .text.DebugMon_Handler
                0x08000a74        0xc ./Core/Src/stm32f1xx_it.o
                0x08000a74                DebugMon_Handler
 .text.SysTick_Handler
                0x08000a80       0x1a ./Core/Src/stm32f1xx_it.o
                0x08000a80                SysTick_Handler
 .text.SystemInit
                0x08000a9a        0xc ./Core/Src/system_stm32f1xx.o
                0x08000a9a                SystemInit
 *fill*         0x08000aa6        0x2 
 .text.MX_USART1_UART_Init
                0x08000aa8       0x54 ./Core/Src/usart.o
                0x08000aa8                MX_USART1_UART_Init
 .text.HAL_UART_MspInit
                0x08000afc       0x98 ./Core/Src/usart.o
                0x08000afc                HAL_UART_MspInit
 .text.Reset_Handler
                0x08000b94       0x48 ./Core/Startup/startup_stm32f103c8tx.o
                0x08000b94                Reset_Handler
 .text.Default_Handler
                0x08000bdc        0x2 ./Core/Startup/startup_stm32f103c8tx.o
                0x08000bdc                RTC_Alarm_IRQHandler
                0x08000bdc                EXTI2_IRQHandler
                0x08000bdc                TIM1_CC_IRQHandler
                0x08000bdc                PVD_IRQHandler
                0x08000bdc                EXTI3_IRQHandler
                0x08000bdc                EXTI0_IRQHandler
                0x08000bdc                I2C2_EV_IRQHandler
                0x08000bdc                ADC1_2_IRQHandler
                0x08000bdc                SPI1_IRQHandler
                0x08000bdc                TAMPER_IRQHandler
                0x08000bdc                DMA1_Channel4_IRQHandler
                0x08000bdc                USART3_IRQHandler
                0x08000bdc                RTC_IRQHandler
                0x08000bdc                DMA1_Channel7_IRQHandler
                0x08000bdc                CAN1_RX1_IRQHandler
                0x08000bdc                TIM4_IRQHandler
                0x08000bdc                I2C1_EV_IRQHandler
                0x08000bdc                DMA1_Channel6_IRQHandler
                0x08000bdc                TIM3_IRQHandler
                0x08000bdc                RCC_IRQHandler
                0x08000bdc                TIM1_TRG_COM_IRQHandler
                0x08000bdc                DMA1_Channel1_IRQHandler
                0x08000bdc                Default_Handler
                0x08000bdc                EXTI15_10_IRQHandler
                0x08000bdc                EXTI9_5_IRQHandler
                0x08000bdc                SPI2_IRQHandler
                0x08000bdc                DMA1_Channel5_IRQHandler
                0x08000bdc                EXTI4_IRQHandler
                0x08000bdc                USB_LP_CAN1_RX0_IRQHandler
                0x08000bdc                USB_HP_CAN1_TX_IRQHandler
                0x08000bdc                DMA1_Channel3_IRQHandler
                0x08000bdc                TIM1_UP_IRQHandler
                0x08000bdc                WWDG_IRQHandler
                0x08000bdc                TIM2_IRQHandler
                0x08000bdc                TIM1_BRK_IRQHandler
                0x08000bdc                EXTI1_IRQHandler
                0x08000bdc                USART2_IRQHandler
                0x08000bdc                I2C2_ER_IRQHandler
                0x08000bdc                DMA1_Channel2_IRQHandler
                0x08000bdc                CAN1_SCE_IRQHandler
                0x08000bdc                FLASH_IRQHandler
                0x08000bdc                USART1_IRQHandler
                0x08000bdc                I2C1_ER_IRQHandler
                0x08000bdc                USBWakeUp_IRQHandler
 *fill*         0x08000bde        0x2 
 .text.HAL_Init
                0x08000be0       0x2c ./Drivers/STM32F1xx_HAL_Driver/stm32f1xx_hal.o
                0x08000be0                HAL_Init
 .text.HAL_InitTick
                0x08000c0c       0x60 ./Drivers/STM32F1xx_HAL_Driver/stm32f1xx_hal.o
                0x08000c0c                HAL_InitTick
 .text.HAL_IncTick
                0x08000c6c       0x24 ./Drivers/STM32F1xx_HAL_Driver/stm32f1xx_hal.o
                0x08000c6c                HAL_IncTick
 .text.HAL_GetTick
                0x08000c90       0x14 ./Drivers/STM32F1xx_HAL_Driver/stm32f1xx_hal.o
                0x08000c90                HAL_GetTick
 .text.HAL_CAN_Init
                0x08000ca4      0x1f6 ./Drivers/STM32F1xx_HAL_Driver/stm32f1xx_hal_can.o
                0x08000ca4                HAL_CAN_Init
 .text.HAL_CAN_ConfigFilter
                0x08000e9a      0x192 ./Drivers/STM32F1xx_HAL_Driver/stm32f1xx_hal_can.o
                0x08000e9a                HAL_CAN_ConfigFilter
 .text.HAL_CAN_Start
                0x0800102c       0x88 ./Drivers/STM32F1xx_HAL_Driver/stm32f1xx_hal_can.o
                0x0800102c                HAL_CAN_Start
 .text.HAL_CAN_AddTxMessage
                0x080010b4      0x19e ./Drivers/STM32F1xx_HAL_Driver/stm32f1xx_hal_can.o
                0x080010b4                HAL_CAN_AddTxMessage
 *fill*         0x08001252        0x2 
 .text.__NVIC_SetPriorityGrouping
                0x08001254       0x48 ./Drivers/STM32F1xx_HAL_Driver/stm32f1xx_hal_cortex.o
 .text.__NVIC_GetPriorityGrouping
                0x0800129c       0x1c ./Drivers/STM32F1xx_HAL_Driver/stm32f1xx_hal_cortex.o
 .text.__NVIC_SetPriority
                0x080012b8       0x54 ./Drivers/STM32F1xx_HAL_Driver/stm32f1xx_hal_cortex.o
 .text.NVIC_EncodePriority
                0x0800130c       0x64 ./Drivers/STM32F1xx_HAL_Driver/stm32f1xx_hal_cortex.o
 .text.SysTick_Config
                0x08001370       0x44 ./Drivers/STM32F1xx_HAL_Driver/stm32f1xx_hal_cortex.o
 .text.HAL_NVIC_SetPriorityGrouping
                0x080013b4       0x16 ./Drivers/STM32F1xx_HAL_Driver/stm32f1xx_hal_cortex.o
                0x080013b4                HAL_NVIC_SetPriorityGrouping
 .text.HAL_NVIC_SetPriority
                0x080013ca       0x38 ./Drivers/STM32F1xx_HAL_Driver/stm32f1xx_hal_cortex.o
                0x080013ca                HAL_NVIC_SetPriority
 .text.HAL_SYSTICK_Config
                0x08001402       0x18 ./Drivers/STM32F1xx_HAL_Driver/stm32f1xx_hal_cortex.o
                0x08001402                HAL_SYSTICK_Config
 *fill*         0x0800141a        0x2 
 .text.HAL_GPIO_Init
                0x0800141c      0x308 ./Drivers/STM32F1xx_HAL_Driver/stm32f1xx_hal_gpio.o
                0x0800141c                HAL_GPIO_Init
 .text.HAL_GPIO_WritePin
                0x08001724       0x30 ./Drivers/STM32F1xx_HAL_Driver/stm32f1xx_hal_gpio.o
                0x08001724                HAL_GPIO_WritePin
 .text.HAL_GPIO_TogglePin
                0x08001754       0x32 ./Drivers/STM32F1xx_HAL_Driver/stm32f1xx_hal_gpio.o
                0x08001754                HAL_GPIO_TogglePin
 *fill*         0x08001786        0x2 
 .text.HAL_I2C_Init
                0x08001788      0x288 ./Drivers/STM32F1xx_HAL_Driver/stm32f1xx_hal_i2c.o
                0x08001788                HAL_I2C_Init
 .text.HAL_RCC_OscConfig
                0x08001a10      0x504 ./Drivers/STM32F1xx_HAL_Driver/stm32f1xx_hal_rcc.o
                0x08001a10                HAL_RCC_OscConfig
 .text.HAL_RCC_ClockConfig
                0x08001f14      0x1d4 ./Drivers/STM32F1xx_HAL_Driver/stm32f1xx_hal_rcc.o
                0x08001f14                HAL_RCC_ClockConfig
 .text.HAL_RCC_GetSysClockFreq
                0x080020e8       0xa8 ./Drivers/STM32F1xx_HAL_Driver/stm32f1xx_hal_rcc.o
                0x080020e8                HAL_RCC_GetSysClockFreq
 .text.HAL_RCC_GetHCLKFreq
                0x08002190       0x14 ./Drivers/STM32F1xx_HAL_Driver/stm32f1xx_hal_rcc.o
                0x08002190                HAL_RCC_GetHCLKFreq
 .text.HAL_RCC_GetPCLK1Freq
                0x080021a4       0x28 ./Drivers/STM32F1xx_HAL_Driver/stm32f1xx_hal_rcc.o
                0x080021a4                HAL_RCC_GetPCLK1Freq
 .text.HAL_RCC_GetPCLK2Freq
                0x080021cc       0x28 ./Drivers/STM32F1xx_HAL_Driver/stm32f1xx_hal_rcc.o
                0x080021cc                HAL_RCC_GetPCLK2Freq
 .text.RCC_Delay
                0x080021f4       0x3c ./Drivers/STM32F1xx_HAL_Driver/stm32f1xx_hal_rcc.o
 .text.HAL_UART_Init
                0x08002230       0xa0 ./Drivers/STM32F1xx_HAL_Driver/stm32f1xx_hal_uart.o
                0x08002230                HAL_UART_Init
 .text.UART_SetConfig
                0x080022d0      0x11c ./Drivers/STM32F1xx_HAL_Driver/stm32f1xx_hal_uart.o
 .text.__NVIC_SetPriority
                0x080023ec       0x54 ./Middlewares/FreeRTOS/cmsis_os2.o
 .text.SVC_Setup
                0x08002440       0x12 ./Middlewares/FreeRTOS/cmsis_os2.o
 *fill*         0x08002452        0x2 
 .text.osKernelInitialize
                0x08002454       0x44 ./Middlewares/FreeRTOS/cmsis_os2.o
                0x08002454                osKernelInitialize
 .text.osKernelStart
                0x08002498       0x4c ./Middlewares/FreeRTOS/cmsis_os2.o
                0x08002498                osKernelStart
 .text.vApplicationGetIdleTaskMemory
                0x080024e4       0x30 ./Middlewares/FreeRTOS/cmsis_os2.o
                0x080024e4                vApplicationGetIdleTaskMemory
 .text.vApplicationGetTimerTaskMemory
                0x08002514       0x34 ./Middlewares/FreeRTOS/cmsis_os2.o
                0x08002514                vApplicationGetTimerTaskMemory
 .text.pvPortMalloc
                0x08002548      0x19c ./Middlewares/FreeRTOS/heap_4.o
                0x08002548                pvPortMalloc
 .text.vPortFree
                0x080026e4       0xc8 ./Middlewares/FreeRTOS/heap_4.o
                0x080026e4                vPortFree
 .text.xPortGetFreeHeapSize
                0x080027ac       0x14 ./Middlewares/FreeRTOS/heap_4.o
                0x080027ac                xPortGetFreeHeapSize
 .text.prvHeapInit
                0x080027c0       0xc4 ./Middlewares/FreeRTOS/heap_4.o
 .text.prvInsertBlockIntoFreeList
                0x08002884       0xb0 ./Middlewares/FreeRTOS/heap_4.o
 .text.vListInitialise
                0x08002934       0x3e ./Middlewares/FreeRTOS/list.o
                0x08002934                vListInitialise
 .text.vListInitialiseItem
                0x08002972       0x18 ./Middlewares/FreeRTOS/list.o
                0x08002972                vListInitialiseItem
 .text.vListInsertEnd
                0x0800298a       0x46 ./Middlewares/FreeRTOS/list.o
                0x0800298a                vListInsertEnd
 .text.vListInsert
                0x080029d0       0x70 ./Middlewares/FreeRTOS/list.o
                0x080029d0                vListInsert
 .text.uxListRemove
                0x08002a40       0x52 ./Middlewares/FreeRTOS/list.o
                0x08002a40                uxListRemove
 *fill*         0x08002a92        0x2 
 .text.pxPortInitialiseStack
                0x08002a94       0x58 ./Middlewares/FreeRTOS/port.o
                0x08002a94                pxPortInitialiseStack
 .text.prvTaskExitError
                0x08002aec       0x58 ./Middlewares/FreeRTOS/port.o
 *fill*         0x08002b44        0xc 
 .text.SVC_Handler
                0x08002b50       0x28 ./Middlewares/FreeRTOS/port.o
                0x08002b50                SVC_Handler
 .text.prvPortStartFirstTask
                0x08002b78       0x20 ./Middlewares/FreeRTOS/port.o
 .text.xPortStartScheduler
                0x08002b98       0xe4 ./Middlewares/FreeRTOS/port.o
                0x08002b98                xPortStartScheduler
 .text.vPortEnterCritical
                0x08002c7c       0x60 ./Middlewares/FreeRTOS/port.o
                0x08002c7c                vPortEnterCritical
 .text.vPortExitCritical
                0x08002cdc       0x54 ./Middlewares/FreeRTOS/port.o
                0x08002cdc                vPortExitCritical
 .text.PendSV_Handler
                0x08002d30       0x48 ./Middlewares/FreeRTOS/port.o
                0x08002d30                PendSV_Handler
 .text.xPortSysTickHandler
                0x08002d78       0x44 ./Middlewares/FreeRTOS/port.o
                0x08002d78                xPortSysTickHandler
 .text.vPortSetupTimerInterrupt
                0x08002dbc       0x44 ./Middlewares/FreeRTOS/port.o
                0x08002dbc                vPortSetupTimerInterrupt
 .text.vPortValidateInterruptPriority
                0x08002e00       0x80 ./Middlewares/FreeRTOS/port.o
                0x08002e00                vPortValidateInterruptPriority
 .text.xQueueGenericReset
                0x08002e80       0xd4 ./Middlewares/FreeRTOS/queue.o
                0x08002e80                xQueueGenericReset
 .text.xQueueGenericCreateStatic
                0x08002f54       0xfa ./Middlewares/FreeRTOS/queue.o
                0x08002f54                xQueueGenericCreateStatic
 .text.xQueueGenericCreate
                0x0800304e       0x76 ./Middlewares/FreeRTOS/queue.o
                0x0800304e                xQueueGenericCreate
 .text.prvInitialiseNewQueue
                0x080030c4       0x46 ./Middlewares/FreeRTOS/queue.o
 .text.prvInitialiseMutex
                0x0800310a       0x34 ./Middlewares/FreeRTOS/queue.o
 .text.xQueueCreateMutex
                0x0800313e       0x30 ./Middlewares/FreeRTOS/queue.o
                0x0800313e                xQueueCreateMutex
 *fill*         0x0800316e        0x2 
 .text.xQueueGenericSend
                0x08003170      0x204 ./Middlewares/FreeRTOS/queue.o
                0x08003170                xQueueGenericSend
 .text.xQueueGenericSendFromISR
                0x08003374      0x13c ./Middlewares/FreeRTOS/queue.o
                0x08003374                xQueueGenericSendFromISR
 .text.xQueueReceive
                0x080034b0      0x1c4 ./Middlewares/FreeRTOS/queue.o
                0x080034b0                xQueueReceive
 .text.xQueueSemaphoreTake
                0x08003674      0x220 ./Middlewares/FreeRTOS/queue.o
                0x08003674                xQueueSemaphoreTake
 .text.prvGetDisinheritPriorityAfterTimeout
                0x08003894       0x2e ./Middlewares/FreeRTOS/queue.o
 .text.prvCopyDataToQueue
                0x080038c2       0xd4 ./Middlewares/FreeRTOS/queue.o
 .text.prvCopyDataFromQueue
                0x08003996       0x4c ./Middlewares/FreeRTOS/queue.o
 .text.prvUnlockQueue
                0x080039e2       0xa4 ./Middlewares/FreeRTOS/queue.o
 .text.prvIsQueueEmpty
                0x08003a86       0x2c ./Middlewares/FreeRTOS/queue.o
 .text.prvIsQueueFull
                0x08003ab2       0x30 ./Middlewares/FreeRTOS/queue.o
 *fill*         0x08003ae2        0x2 
 .text.vQueueAddToRegistry
                0x08003ae4       0x50 ./Middlewares/FreeRTOS/queue.o
                0x08003ae4                vQueueAddToRegistry
 .text.vQueueWaitForMessageRestricted
                0x08003b34       0x68 ./Middlewares/FreeRTOS/queue.o
                0x08003b34                vQueueWaitForMessageRestricted
 .text.xTaskCreateStatic
                0x08003b9c       0xc0 ./Middlewares/FreeRTOS/tasks.o
                0x08003b9c                xTaskCreateStatic
 .text.xTaskCreate
                0x08003c5c       0x8a ./Middlewares/FreeRTOS/tasks.o
                0x08003c5c                xTaskCreate
 .text.prvInitialiseNewTask
                0x08003ce6      0x120 ./Middlewares/FreeRTOS/tasks.o
 *fill*         0x08003e06        0x2 
 .text.prvAddNewTaskToReadyList
                0x08003e08       0xe0 ./Middlewares/FreeRTOS/tasks.o
 .text.vTaskDelay
                0x08003ee8       0x6c ./Middlewares/FreeRTOS/tasks.o
                0x08003ee8                vTaskDelay
 .text.vTaskStartScheduler
                0x08003f54       0xd0 ./Middlewares/FreeRTOS/tasks.o
                0x08003f54                vTaskStartScheduler
 .text.vTaskSuspendAll
                0x08004024       0x1c ./Middlewares/FreeRTOS/tasks.o
                0x08004024                vTaskSuspendAll
 .text.xTaskResumeAll
                0x08004040      0x13c ./Middlewares/FreeRTOS/tasks.o
                0x08004040                xTaskResumeAll
 .text.xTaskGetTickCount
                0x0800417c       0x1c ./Middlewares/FreeRTOS/tasks.o
                0x0800417c                xTaskGetTickCount
 .text.xTaskIncrementTick
                0x08004198      0x174 ./Middlewares/FreeRTOS/tasks.o
                0x08004198                xTaskIncrementTick
 .text.vTaskSwitchContext
                0x0800430c       0xbc ./Middlewares/FreeRTOS/tasks.o
                0x0800430c                vTaskSwitchContext
 .text.vTaskPlaceOnEventList
                0x080043c8       0x4c ./Middlewares/FreeRTOS/tasks.o
                0x080043c8                vTaskPlaceOnEventList
 .text.vTaskPlaceOnEventListRestricted
                0x08004414       0x58 ./Middlewares/FreeRTOS/tasks.o
                0x08004414                vTaskPlaceOnEventListRestricted
 .text.xTaskRemoveFromEventList
                0x0800446c       0xc8 ./Middlewares/FreeRTOS/tasks.o
                0x0800446c                xTaskRemoveFromEventList
 .text.vTaskInternalSetTimeOutState
                0x08004534       0x2c ./Middlewares/FreeRTOS/tasks.o
                0x08004534                vTaskInternalSetTimeOutState
 .text.xTaskCheckForTimeOut
                0x08004560       0xc8 ./Middlewares/FreeRTOS/tasks.o
                0x08004560                xTaskCheckForTimeOut
 .text.vTaskMissedYield
                0x08004628       0x18 ./Middlewares/FreeRTOS/tasks.o
                0x08004628                vTaskMissedYield
 .text.prvIdleTask
                0x08004640       0x30 ./Middlewares/FreeRTOS/tasks.o
 .text.prvInitialiseTaskLists
                0x08004670       0x80 ./Middlewares/FreeRTOS/tasks.o
 .text.prvCheckTasksWaitingTermination
                0x080046f0       0x5c ./Middlewares/FreeRTOS/tasks.o
 .text.prvDeleteTCB
                0x0800474c       0x60 ./Middlewares/FreeRTOS/tasks.o
 .text.prvResetNextTaskUnblockTime
                0x080047ac       0x40 ./Middlewares/FreeRTOS/tasks.o
 .text.xTaskGetSchedulerState
                0x080047ec       0x3c ./Middlewares/FreeRTOS/tasks.o
                0x080047ec                xTaskGetSchedulerState
 .text.xTaskPriorityInherit
                0x08004828       0xd0 ./Middlewares/FreeRTOS/tasks.o
                0x08004828                xTaskPriorityInherit
 .text.xTaskPriorityDisinherit
                0x080048f8       0xe0 ./Middlewares/FreeRTOS/tasks.o
                0x080048f8                xTaskPriorityDisinherit
 .text.vTaskPriorityDisinheritAfterTimeout
                0x080049d8      0x108 ./Middlewares/FreeRTOS/tasks.o
                0x080049d8                vTaskPriorityDisinheritAfterTimeout
 .text.pvTaskIncrementMutexHeldCount
                0x08004ae0       0x28 ./Middlewares/FreeRTOS/tasks.o
                0x08004ae0                pvTaskIncrementMutexHeldCount
 .text.prvAddCurrentTaskToDelayedList
                0x08004b08       0xa8 ./Middlewares/FreeRTOS/tasks.o
 .text.xTimerCreateTimerTask
                0x08004bb0       0x94 ./Middlewares/FreeRTOS/timers.o
                0x08004bb0                xTimerCreateTimerTask
 .text.xTimerGenericCommand
                0x08004c44       0x9c ./Middlewares/FreeRTOS/timers.o
                0x08004c44                xTimerGenericCommand
 .text.prvProcessExpiredTimer
                0x08004ce0       0x9c ./Middlewares/FreeRTOS/timers.o
 .text.prvTimerTask
                0x08004d7c       0x26 ./Middlewares/FreeRTOS/timers.o
 *fill*         0x08004da2        0x2 
 .text.prvProcessTimerOrBlockTask
                0x08004da4       0x9c ./Middlewares/FreeRTOS/timers.o
 .text.prvGetNextExpireTime
                0x08004e40       0x44 ./Middlewares/FreeRTOS/timers.o
 .text.prvSampleTimeNow
                0x08004e84       0x40 ./Middlewares/FreeRTOS/timers.o
 .text.prvInsertTimerInActiveList
                0x08004ec4       0x84 ./Middlewares/FreeRTOS/timers.o
 .text.prvProcessReceivedCommands
                0x08004f48      0x1cc ./Middlewares/FreeRTOS/timers.o
 .text.prvSwitchTimerLists
                0x08005114       0xcc ./Middlewares/FreeRTOS/timers.o
 .text.prvCheckForValidListAndQueue
                0x080051e0       0x80 ./Middlewares/FreeRTOS/timers.o
 .text.memset   0x08005260       0x10 /home/yusuf/st/stm32cubeide_2.2.0/plugins/com.st.stm32cube.ide.mcu.externaltools.gnu-tools-for-stm32.14.3.rel1.linux64_1.0.100.202602081740/tools/bin/../lib/gcc/arm-none-eabi/14.3.1/../../../../arm-none-eabi/lib/thumb/v7-m/nofp/libc_nano.a(libc_a-memset.o)
                0x08005260                memset
 .text.__libc_init_array
                0x08005270       0x48 /home/yusuf/st/stm32cubeide_2.2.0/plugins/com.st.stm32cube.ide.mcu.externaltools.gnu-tools-for-stm32.14.3.rel1.linux64_1.0.100.202602081740/tools/bin/../lib/gcc/arm-none-eabi/14.3.1/../../../../arm-none-eabi/lib/thumb/v7-m/nofp/libc_nano.a(libc_a-init.o)
                0x08005270                __libc_init_array
 .text.memcpy   0x080052b8       0x1c /home/yusuf/st/stm32cubeide_2.2.0/plugins/com.st.stm32cube.ide.mcu.externaltools.gnu-tools-for-stm32.14.3.rel1.linux64_1.0.100.202602081740/tools/bin/../lib/gcc/arm-none-eabi/14.3.1/../../../../arm-none-eabi/lib/thumb/v7-m/nofp/libc_nano.a(libc_a-memcpy-stub.o)
                0x080052b8                memcpy
 *(.glue_7)
 .glue_7        0x080052d4        0x0 linker stubs
 *(.glue_7t)
 .glue_7t       0x080052d4        0x0 linker stubs
 *(.eh_frame)
 .eh_frame      0x080052d4        0x0 /home/yusuf/st/stm32cubeide_2.2.0/plugins/com.st.stm32cube.ide.mcu.externaltools.gnu-tools-for-stm32.14.3.rel1.linux64_1.0.100.202602081740/tools/bin/../lib/gcc/arm-none-eabi/14.3.1/thumb/v7-m/nofp/crtbegin.o
 *(.init)
 .init          0x080052d4        0x4 /home/yusuf/st/stm32cubeide_2.2.0/plugins/com.st.stm32cube.ide.mcu.externaltools.gnu-tools-for-stm32.14.3.rel1.linux64_1.0.100.202602081740/tools/bin/../lib/gcc/arm-none-eabi/14.3.1/thumb/v7-m/nofp/crti.o
                0x080052d4                _init
 .init          0x080052d8        0x8 /home/yusuf/st/stm32cubeide_2.2.0/plugins/com.st.stm32cube.ide.mcu.externaltools.gnu-tools-for-stm32.14.3.rel1.linux64_1.0.100.202602081740/tools/bin/../lib/gcc/arm-none-eabi/14.3.1/thumb/v7-m/nofp/crtn.o
 *(.fini)
 .fini          0x080052e0        0x4 /home/yusuf/st/stm32cubeide_2.2.0/plugins/com.st.stm32cube.ide.mcu.externaltools.gnu-tools-for-stm32.14.3.rel1.linux64_1.0.100.202602081740/tools/bin/../lib/gcc/arm-none-eabi/14.3.1/thumb/v7-m/nofp/crti.o
                0x080052e0                _fini
 .fini          0x080052e4        0x8 /home/yusuf/st/stm32cubeide_2.2.0/plugins/com.st.stm32cube.ide.mcu.externaltools.gnu-tools-for-stm32.14.3.rel1.linux64_1.0.100.202602081740/tools/bin/../lib/gcc/arm-none-eabi/14.3.1/thumb/v7-m/nofp/crtn.o
                0x080052ec                        . = ALIGN (0x4)
                0x080052ec                        _etext = .

.vfp11_veneer   0x080052ec        0x0
 .vfp11_veneer  0x080052ec        0x0 linker stubs

.v4_bx          0x080052ec        0x0
 .v4_bx         0x080052ec        0x0 linker stubs

.iplt           0x080052ec        0x0
 .iplt          0x080052ec        0x0 /home/yusuf/st/stm32cubeide_2.2.0/plugins/com.st.stm32cube.ide.mcu.externaltools.gnu-tools-for-stm32.14.3.rel1.linux64_1.0.100.202602081740/tools/bin/../lib/gcc/arm-none-eabi/14.3.1/thumb/v7-m/nofp/crtbegin.o

.rodata         0x080052ec       0x8c
                0x080052ec                        . = ALIGN (0x4)
 *(.rodata)
 .rodata        0x080052ec       0x45 ./Core/Src/freertos.o
 *fill*         0x08005331        0x3 
 .rodata        0x08005334        0x5 ./Middlewares/FreeRTOS/tasks.o
 *fill*         0x08005339        0x3 
 .rodata        0x0800533c        0xd ./Middlewares/FreeRTOS/timers.o
 *(.rodata*)
 *fill*         0x08005349        0x3 
 .rodata.AHBPrescTable
                0x0800534c       0x10 ./Core/Src/system_stm32f1xx.o
                0x0800534c                AHBPrescTable
 .rodata.APBPrescTable
                0x0800535c        0x8 ./Core/Src/system_stm32f1xx.o
                0x0800535c                APBPrescTable
 .rodata.aPLLMULFactorTable.1
                0x08005364       0x10 ./Drivers/STM32F1xx_HAL_Driver/stm32f1xx_hal_rcc.o
 .rodata.aPredivFactorTable.0
                0x08005374        0x2 ./Drivers/STM32F1xx_HAL_Driver/stm32f1xx_hal_rcc.o
                0x08005378                        . = ALIGN (0x4)
 *fill*         0x08005376        0x2 

.ARM.extab      0x08005378        0x0
                0x08005378                        . = ALIGN (0x4)
 *(.ARM.extab* .gnu.linkonce.armextab.*)
                0x08005378                        . = ALIGN (0x4)

.ARM            0x08005378        0x0
                0x08005378                        . = ALIGN (0x4)
                0x08005378                        __exidx_start = .
 *(.ARM.exidx*)
                0x08005378                        __exidx_end = .
                0x08005378                        . = ALIGN (0x4)

.preinit_array  0x08005378        0x0
                0x08005378                        . = ALIGN (0x4)
                0x08005378                        PROVIDE (__preinit_array_start = .)
 *(.preinit_array*)
                0x08005378                        PROVIDE (__preinit_array_end = .)
                0x08005378                        . = ALIGN (0x4)

.init_array     0x08005378        0x4
                0x08005378                        . = ALIGN (0x4)
                0x08005378                        PROVIDE (__init_array_start = .)
 *(SORT_BY_NAME(.init_array.*))
 *(.init_array*)
 .init_array    0x08005378        0x4 /home/yusuf/st/stm32cubeide_2.2.0/plugins/com.st.stm32cube.ide.mcu.externaltools.gnu-tools-for-stm32.14.3.rel1.linux64_1.0.100.202602081740/tools/bin/../lib/gcc/arm-none-eabi/14.3.1/thumb/v7-m/nofp/crtbegin.o
                0x0800537c                        PROVIDE (__init_array_end = .)
                0x0800537c                        . = ALIGN (0x4)

.fini_array     0x0800537c        0x4
                0x0800537c                        . = ALIGN (0x4)
                [!provide]                        PROVIDE (__fini_array_start = .)
 *(SORT_BY_NAME(.fini_array.*))
 *(.fini_array*)
 .fini_array    0x0800537c        0x4 /home/yusuf/st/stm32cubeide_2.2.0/plugins/com.st.stm32cube.ide.mcu.externaltools.gnu-tools-for-stm32.14.3.rel1.linux64_1.0.100.202602081740/tools/bin/../lib/gcc/arm-none-eabi/14.3.1/thumb/v7-m/nofp/crtbegin.o
                [!provide]                        PROVIDE (__fini_array_end = .)
                0x08005380                        . = ALIGN (0x4)
                0x08005380                        _sidata = LOADADDR (.data)

.rel.dyn        0x08005380        0x0
 .rel.iplt      0x08005380        0x0 /home/yusuf/st/stm32cubeide_2.2.0/plugins/com.st.stm32cube.ide.mcu.externaltools.gnu-tools-for-stm32.14.3.rel1.linux64_1.0.100.202602081740/tools/bin/../lib/gcc/arm-none-eabi/14.3.1/thumb/v7-m/nofp/crtbegin.o

.data           0x20000000       0x10 load address 0x08005380
                0x20000000                        . = ALIGN (0x4)
                0x20000000                        _sdata = .
 *(.data)
 *(.data*)
 .data.SystemCoreClock
                0x20000000        0x4 ./Core/Src/system_stm32f1xx.o
                0x20000000                SystemCoreClock
 .data.uwTickPrio
                0x20000004        0x4 ./Drivers/STM32F1xx_HAL_Driver/stm32f1xx_hal.o
                0x20000004                uwTickPrio
 .data.uwTickFreq
                0x20000008        0x1 ./Drivers/STM32F1xx_HAL_Driver/stm32f1xx_hal.o
                0x20000008                uwTickFreq
 *fill*         0x20000009        0x3 
 .data.uxCriticalNesting
                0x2000000c        0x4 ./Middlewares/FreeRTOS/port.o
 *(.RamFunc)
 *(.RamFunc*)
                0x20000010                        . = ALIGN (0x4)
                0x20000010                        _edata = .

.igot.plt       0x20000010        0x0 load address 0x08005390
 .igot.plt      0x20000010        0x0 /home/yusuf/st/stm32cubeide_2.2.0/plugins/com.st.stm32cube.ide.mcu.externaltools.gnu-tools-for-stm32.14.3.rel1.linux64_1.0.100.202602081740/tools/bin/../lib/gcc/arm-none-eabi/14.3.1/thumb/v7-m/nofp/crtbegin.o
                0x20000010                        . = ALIGN (0x4)

.bss            0x20000010     0x2668 load address 0x08005390
                0x20000010                        _sbss = .
                0x20000010                        __bss_start__ = _sbss
 *(.bss)
 .bss           0x20000010       0x1c /home/yusuf/st/stm32cubeide_2.2.0/plugins/com.st.stm32cube.ide.mcu.externaltools.gnu-tools-for-stm32.14.3.rel1.linux64_1.0.100.202602081740/tools/bin/../lib/gcc/arm-none-eabi/14.3.1/thumb/v7-m/nofp/crtbegin.o
 *(.bss*)
 .bss.hcan      0x2000002c       0x28 ./Core/Src/can.o
                0x2000002c                hcan
 .bss.xIMUQueue
                0x20000054        0x4 ./Core/Src/freertos.o
                0x20000054                xIMUQueue
 .bss.xBaroQueue
                0x20000058        0x4 ./Core/Src/freertos.o
                0x20000058                xBaroQueue
 .bss.xMagQueue
                0x2000005c        0x4 ./Core/Src/freertos.o
                0x2000005c                xMagQueue
 .bss.xCANMutex
                0x20000060        0x4 ./Core/Src/freertos.o
                0x20000060                xCANMutex
 .bss.TxHeader  0x20000064       0x18 ./Core/Src/freertos.o
                0x20000064                TxHeader
 .bss.TxData    0x2000007c        0x8 ./Core/Src/freertos.o
                0x2000007c                TxData
 .bss.TxMailbox
                0x20000084        0x4 ./Core/Src/freertos.o
                0x20000084                TxMailbox
 .bss.hi2c1     0x20000088       0x54 ./Core/Src/i2c.o
                0x20000088                hi2c1
 .bss.huart1    0x200000dc       0x48 ./Core/Src/usart.o
                0x200000dc                huart1
 .bss.uwTick    0x20000124        0x4 ./Drivers/STM32F1xx_HAL_Driver/stm32f1xx_hal.o
                0x20000124                uwTick
 .bss.KernelState
                0x20000128        0x4 ./Middlewares/FreeRTOS/cmsis_os2.o
 .bss.Idle_TCB.3
                0x2000012c       0x5c ./Middlewares/FreeRTOS/cmsis_os2.o
 .bss.Idle_Stack.2
                0x20000188      0x200 ./Middlewares/FreeRTOS/cmsis_os2.o
 .bss.Timer_TCB.1
                0x20000388       0x5c ./Middlewares/FreeRTOS/cmsis_os2.o
 .bss.Timer_Stack.0
                0x200003e4      0x400 ./Middlewares/FreeRTOS/cmsis_os2.o
 .bss.ucHeap    0x200007e4     0x1800 ./Middlewares/FreeRTOS/heap_4.o
 .bss.xStart    0x20001fe4        0x8 ./Middlewares/FreeRTOS/heap_4.o
 .bss.pxEnd     0x20001fec        0x4 ./Middlewares/FreeRTOS/heap_4.o
 .bss.xFreeBytesRemaining
                0x20001ff0        0x4 ./Middlewares/FreeRTOS/heap_4.o
 .bss.xMinimumEverFreeBytesRemaining
                0x20001ff4        0x4 ./Middlewares/FreeRTOS/heap_4.o
 .bss.xNumberOfSuccessfulAllocations
                0x20001ff8        0x4 ./Middlewares/FreeRTOS/heap_4.o
 .bss.xNumberOfSuccessfulFrees
                0x20001ffc        0x4 ./Middlewares/FreeRTOS/heap_4.o
 .bss.xBlockAllocatedBit
                0x20002000        0x4 ./Middlewares/FreeRTOS/heap_4.o
 .bss.ucMaxSysCallPriority
                0x20002004        0x1 ./Middlewares/FreeRTOS/port.o
 *fill*         0x20002005        0x3 
 .bss.ulMaxPRIGROUPValue
                0x20002008        0x4 ./Middlewares/FreeRTOS/port.o
 .bss.xQueueRegistry
                0x2000200c       0x40 ./Middlewares/FreeRTOS/queue.o
                0x2000200c                xQueueRegistry
 .bss.pxCurrentTCB
                0x2000204c        0x4 ./Middlewares/FreeRTOS/tasks.o
                0x2000204c                pxCurrentTCB
 .bss.pxReadyTasksLists
                0x20002050      0x460 ./Middlewares/FreeRTOS/tasks.o
 .bss.xDelayedTaskList1
                0x200024b0       0x14 ./Middlewares/FreeRTOS/tasks.o
 .bss.xDelayedTaskList2
                0x200024c4       0x14 ./Middlewares/FreeRTOS/tasks.o
 .bss.pxDelayedTaskList
                0x200024d8        0x4 ./Middlewares/FreeRTOS/tasks.o
 .bss.pxOverflowDelayedTaskList
                0x200024dc        0x4 ./Middlewares/FreeRTOS/tasks.o
 .bss.xPendingReadyList
                0x200024e0       0x14 ./Middlewares/FreeRTOS/tasks.o
 .bss.xTasksWaitingTermination
                0x200024f4       0x14 ./Middlewares/FreeRTOS/tasks.o
 .bss.uxDeletedTasksWaitingCleanUp
                0x20002508        0x4 ./Middlewares/FreeRTOS/tasks.o
 .bss.xSuspendedTaskList
                0x2000250c       0x14 ./Middlewares/FreeRTOS/tasks.o
 .bss.uxCurrentNumberOfTasks
                0x20002520        0x4 ./Middlewares/FreeRTOS/tasks.o
 .bss.xTickCount
                0x20002524        0x4 ./Middlewares/FreeRTOS/tasks.o
 .bss.uxTopReadyPriority
                0x20002528        0x4 ./Middlewares/FreeRTOS/tasks.o
 .bss.xSchedulerRunning
                0x2000252c        0x4 ./Middlewares/FreeRTOS/tasks.o
 .bss.xPendedTicks
                0x20002530        0x4 ./Middlewares/FreeRTOS/tasks.o
 .bss.xYieldPending
                0x20002534        0x4 ./Middlewares/FreeRTOS/tasks.o
 .bss.xNumOfOverflows
                0x20002538        0x4 ./Middlewares/FreeRTOS/tasks.o
 .bss.uxTaskNumber
                0x2000253c        0x4 ./Middlewares/FreeRTOS/tasks.o
 .bss.xNextTaskUnblockTime
                0x20002540        0x4 ./Middlewares/FreeRTOS/tasks.o
 .bss.xIdleTaskHandle
                0x20002544        0x4 ./Middlewares/FreeRTOS/tasks.o
 .bss.uxSchedulerSuspended
                0x20002548        0x4 ./Middlewares/FreeRTOS/tasks.o
 .bss.xActiveTimerList1
                0x2000254c       0x14 ./Middlewares/FreeRTOS/timers.o
 .bss.xActiveTimerList2
                0x20002560       0x14 ./Middlewares/FreeRTOS/timers.o
 .bss.pxCurrentTimerList
                0x20002574        0x4 ./Middlewares/FreeRTOS/timers.o
 .bss.pxOverflowTimerList
                0x20002578        0x4 ./Middlewares/FreeRTOS/timers.o
 .bss.xTimerQueue
                0x2000257c        0x4 ./Middlewares/FreeRTOS/timers.o
 .bss.xTimerTaskHandle
                0x20002580        0x4 ./Middlewares/FreeRTOS/timers.o
 .bss.xLastTime.2
                0x20002584        0x4 ./Middlewares/FreeRTOS/timers.o
 .bss.ucStaticTimerQueueStorage.1
                0x20002588       0xa0 ./Middlewares/FreeRTOS/timers.o
 .bss.xStaticTimerQueue.0
                0x20002628       0x50 ./Middlewares/FreeRTOS/timers.o
 *(COMMON)
                0x20002678                        . = ALIGN (0x4)
                0x20002678                        _ebss = .
                0x20002678                        __bss_end__ = _ebss

._user_heap_stack
                0x20002678      0x600 load address 0x08005390
                0x20002678                        . = ALIGN (0x8)
                [!provide]                        PROVIDE (end = .)
                0x20002678                        PROVIDE (_end = .)
                0x20002878                        . = (. + _Min_Heap_Size)
 *fill*         0x20002678      0x200 
                0x20002c78                        . = (. + _Min_Stack_Size)
 *fill*         0x20002878      0x400 
                0x20002c78                        . = ALIGN (0x8)

/DISCARD/
 libc.a(*)
 libm.a(*)
 libgcc.a(*)

.ARM.attributes
                0x00000000       0x29
 *(.ARM.attributes)
 .ARM.attributes
                0x00000000       0x1d /home/yusuf/st/stm32cubeide_2.2.0/plugins/com.st.stm32cube.ide.mcu.externaltools.gnu-tools-for-stm32.14.3.rel1.linux64_1.0.100.202602081740/tools/bin/../lib/gcc/arm-none-eabi/14.3.1/thumb/v7-m/nofp/crti.o
 .ARM.attributes
                0x0000001d       0x2d /home/yusuf/st/stm32cubeide_2.2.0/plugins/com.st.stm32cube.ide.mcu.externaltools.gnu-tools-for-stm32.14.3.rel1.linux64_1.0.100.202602081740/tools/bin/../lib/gcc/arm-none-eabi/14.3.1/thumb/v7-m/nofp/crtbegin.o
 .ARM.attributes
                0x0000004a       0x2d ./Core/Src/can.o
 .ARM.attributes
                0x00000077       0x2d ./Core/Src/freertos.o
 .ARM.attributes
                0x000000a4       0x2d ./Core/Src/gpio.o
 .ARM.attributes
                0x000000d1       0x2d ./Core/Src/i2c.o
 .ARM.attributes
                0x000000fe       0x2d ./Core/Src/main.o
 .ARM.attributes
                0x0000012b       0x2d ./Core/Src/stm32f1xx_hal_msp.o
 .ARM.attributes
                0x00000158       0x2d ./Core/Src/stm32f1xx_it.o
 .ARM.attributes
                0x00000185       0x2d ./Core/Src/system_stm32f1xx.o
 .ARM.attributes
                0x000001b2       0x2d ./Core/Src/usart.o
 .ARM.attributes
                0x000001df       0x21 ./Core/Startup/startup_stm32f103c8tx.o
 .ARM.attributes
                0x00000200       0x2d ./Drivers/STM32F1xx_HAL_Driver/stm32f1xx_hal.o
 .ARM.attributes
                0x0000022d       0x2d ./Drivers/STM32F1xx_HAL_Driver/stm32f1xx_hal_can.o
 .ARM.attributes
                0x0000025a       0x2d ./Drivers/STM32F1xx_HAL_Driver/stm32f1xx_hal_cortex.o
 .ARM.attributes
                0x00000287       0x2d ./Drivers/STM32F1xx_HAL_Driver/stm32f1xx_hal_gpio.o
 .ARM.attributes
                0x000002b4       0x2d ./Drivers/STM32F1xx_HAL_Driver/stm32f1xx_hal_i2c.o
 .ARM.attributes
                0x000002e1       0x2d ./Drivers/STM32F1xx_HAL_Driver/stm32f1xx_hal_rcc.o
 .ARM.attributes
                0x0000030e       0x2d ./Drivers/STM32F1xx_HAL_Driver/stm32f1xx_hal_uart.o
 .ARM.attributes
                0x0000033b       0x2d ./Middlewares/FreeRTOS/cmsis_os2.o
 .ARM.attributes
                0x00000368       0x2d ./Middlewares/FreeRTOS/heap_4.o
 .ARM.attributes
                0x00000395       0x2d ./Middlewares/FreeRTOS/list.o
 .ARM.attributes
                0x000003c2       0x2d ./Middlewares/FreeRTOS/port.o
 .ARM.attributes
                0x000003ef       0x2d ./Middlewares/FreeRTOS/queue.o
 .ARM.attributes
                0x0000041c       0x2d ./Middlewares/FreeRTOS/tasks.o
 .ARM.attributes
                0x00000449       0x2d ./Middlewares/FreeRTOS/timers.o
 .ARM.attributes
                0x00000476       0x2d /home/yusuf/st/stm32cubeide_2.2.0/plugins/com.st.stm32cube.ide.mcu.externaltools.gnu-tools-for-stm32.14.3.rel1.linux64_1.0.100.202602081740/tools/bin/../lib/gcc/arm-none-eabi/14.3.1/../../../../arm-none-eabi/lib/thumb/v7-m/nofp/libc_nano.a(libc_a-memset.o)
 .ARM.attributes
                0x000004a3       0x2d /home/yusuf/st/stm32cubeide_2.2.0/plugins/com.st.stm32cube.ide.mcu.externaltools.gnu-tools-for-stm32.14.3.rel1.linux64_1.0.100.202602081740/tools/bin/../lib/gcc/arm-none-eabi/14.3.1/../../../../arm-none-eabi/lib/thumb/v7-m/nofp/libc_nano.a(libc_a-init.o)
 .ARM.attributes
                0x000004d0       0x2d /home/yusuf/st/stm32cubeide_2.2.0/plugins/com.st.stm32cube.ide.mcu.externaltools.gnu-tools-for-stm32.14.3.rel1.linux64_1.0.100.202602081740/tools/bin/../lib/gcc/arm-none-eabi/14.3.1/../../../../arm-none-eabi/lib/thumb/v7-m/nofp/libc_nano.a(libc_a-memcpy-stub.o)
 .ARM.attributes
                0x000004fd       0x1d /home/yusuf/st/stm32cubeide_2.2.0/plugins/com.st.stm32cube.ide.mcu.externaltools.gnu-tools-for-stm32.14.3.rel1.linux64_1.0.100.202602081740/tools/bin/../lib/gcc/arm-none-eabi/14.3.1/thumb/v7-m/nofp/libgcc.a(_arm_mulsf3.o)
 .ARM.attributes
                0x0000051a       0x1d /home/yusuf/st/stm32cubeide_2.2.0/plugins/com.st.stm32cube.ide.mcu.externaltools.gnu-tools-for-stm32.14.3.rel1.linux64_1.0.100.202602081740/tools/bin/../lib/gcc/arm-none-eabi/14.3.1/thumb/v7-m/nofp/libgcc.a(_arm_fixsfsi.o)
 .ARM.attributes
                0x00000537       0x1d /home/yusuf/st/stm32cubeide_2.2.0/plugins/com.st.stm32cube.ide.mcu.externaltools.gnu-tools-for-stm32.14.3.rel1.linux64_1.0.100.202602081740/tools/bin/../lib/gcc/arm-none-eabi/14.3.1/thumb/v7-m/nofp/crtn.o
OUTPUT(uav_gcs_node.elf elf32-littlearm)
LOAD linker stubs
LOAD /home/yusuf/st/stm32cubeide_2.2.0/plugins/com.st.stm32cube.ide.mcu.externaltools.gnu-tools-for-stm32.14.3.rel1.linux64_1.0.100.202602081740/tools/bin/../lib/gcc/arm-none-eabi/14.3.1/../../../../arm-none-eabi/lib/thumb/v7-m/nofp/libc.a
LOAD /home/yusuf/st/stm32cubeide_2.2.0/plugins/com.st.stm32cube.ide.mcu.externaltools.gnu-tools-for-stm32.14.3.rel1.linux64_1.0.100.202602081740/tools/bin/../lib/gcc/arm-none-eabi/14.3.1/../../../../arm-none-eabi/lib/thumb/v7-m/nofp/libm.a
LOAD /home/yusuf/st/stm32cubeide_2.2.0/plugins/com.st.stm32cube.ide.mcu.externaltools.gnu-tools-for-stm32.14.3.rel1.linux64_1.0.100.202602081740/tools/bin/../lib/gcc/arm-none-eabi/14.3.1/thumb/v7-m/nofp/libgcc.a

.debug_info     0x00000000    0x14b39
 .debug_info    0x00000000      0x6d6 ./Core/Src/can.o
 .debug_info    0x000006d6      0xea6 ./Core/Src/freertos.o
 .debug_info    0x0000157c      0x2b7 ./Core/Src/gpio.o
 .debug_info    0x00001833      0x7e3 ./Core/Src/i2c.o
 .debug_info    0x00002016      0x314 ./Core/Src/main.o
 .debug_info    0x0000232a      0x361 ./Core/Src/stm32f1xx_hal_msp.o
 .debug_info    0x0000268b      0x11b ./Core/Src/stm32f1xx_it.o
 .debug_info    0x000027a6      0x222 ./Core/Src/system_stm32f1xx.o
 .debug_info    0x000029c8      0x798 ./Core/Src/usart.o
 .debug_info    0x00003160       0x30 ./Core/Startup/startup_stm32f103c8tx.o
 .debug_info    0x00003190      0x704 ./Drivers/STM32F1xx_HAL_Driver/stm32f1xx_hal.o
 .debug_info    0x00003894      0xf13 ./Drivers/STM32F1xx_HAL_Driver/stm32f1xx_hal_can.o
 .debug_info    0x000047a7      0xa87 ./Drivers/STM32F1xx_HAL_Driver/stm32f1xx_hal_cortex.o
 .debug_info    0x0000522e      0x5ab ./Drivers/STM32F1xx_HAL_Driver/stm32f1xx_hal_gpio.o
 .debug_info    0x000057d9     0x2524 ./Drivers/STM32F1xx_HAL_Driver/stm32f1xx_hal_i2c.o
 .debug_info    0x00007cfd      0x7d5 ./Drivers/STM32F1xx_HAL_Driver/stm32f1xx_hal_rcc.o
 .debug_info    0x000084d2     0x2eed ./Drivers/STM32F1xx_HAL_Driver/stm32f1xx_hal_uart.o
 .debug_info    0x0000b3bf     0x3975 ./Middlewares/FreeRTOS/cmsis_os2.o
 .debug_info    0x0000ed34      0x4d5 ./Middlewares/FreeRTOS/heap_4.o
 .debug_info    0x0000f209      0x2af ./Middlewares/FreeRTOS/list.o
 .debug_info    0x0000f4b8      0x494 ./Middlewares/FreeRTOS/port.o
 .debug_info    0x0000f94c     0x1b79 ./Middlewares/FreeRTOS/queue.o
 .debug_info    0x000114c5     0x21ec ./Middlewares/FreeRTOS/tasks.o
 .debug_info    0x000136b1     0x1488 ./Middlewares/FreeRTOS/timers.o

.debug_abbrev   0x00000000     0x34ac
 .debug_abbrev  0x00000000      0x213 ./Core/Src/can.o
 .debug_abbrev  0x00000213      0x2bc ./Core/Src/freertos.o
 .debug_abbrev  0x000004cf      0x13f ./Core/Src/gpio.o
 .debug_abbrev  0x0000060e      0x1de ./Core/Src/i2c.o
 .debug_abbrev  0x000007ec      0x184 ./Core/Src/main.o
 .debug_abbrev  0x00000970      0x11c ./Core/Src/stm32f1xx_hal_msp.o
 .debug_abbrev  0x00000a8c       0xaa ./Core/Src/stm32f1xx_it.o
 .debug_abbrev  0x00000b36      0x13f ./Core/Src/system_stm32f1xx.o
 .debug_abbrev  0x00000c75      0x1e6 ./Core/Src/usart.o
 .debug_abbrev  0x00000e5b       0x24 ./Core/Startup/startup_stm32f103c8tx.o
 .debug_abbrev  0x00000e7f      0x201 ./Drivers/STM32F1xx_HAL_Driver/stm32f1xx_hal.o
 .debug_abbrev  0x00001080      0x21c ./Drivers/STM32F1xx_HAL_Driver/stm32f1xx_hal_can.o
 .debug_abbrev  0x0000129c      0x2f8 ./Drivers/STM32F1xx_HAL_Driver/stm32f1xx_hal_cortex.o
 .debug_abbrev  0x00001594      0x1ca ./Drivers/STM32F1xx_HAL_Driver/stm32f1xx_hal_gpio.o
 .debug_abbrev  0x0000175e      0x2a3 ./Drivers/STM32F1xx_HAL_Driver/stm32f1xx_hal_i2c.o
 .debug_abbrev  0x00001a01      0x2b3 ./Drivers/STM32F1xx_HAL_Driver/stm32f1xx_hal_rcc.o
 .debug_abbrev  0x00001cb4      0x2f8 ./Drivers/STM32F1xx_HAL_Driver/stm32f1xx_hal_uart.o
 .debug_abbrev  0x00001fac      0x508 ./Middlewares/FreeRTOS/cmsis_os2.o
 .debug_abbrev  0x000024b4      0x21d ./Middlewares/FreeRTOS/heap_4.o
 .debug_abbrev  0x000026d1       0xf5 ./Middlewares/FreeRTOS/list.o
 .debug_abbrev  0x000027c6      0x258 ./Middlewares/FreeRTOS/port.o
 .debug_abbrev  0x00002a1e      0x3b6 ./Middlewares/FreeRTOS/queue.o
 .debug_abbrev  0x00002dd4      0x386 ./Middlewares/FreeRTOS/tasks.o
 .debug_abbrev  0x0000315a      0x352 ./Middlewares/FreeRTOS/timers.o

.debug_aranges  0x00000000     0x12a8
 .debug_aranges
                0x00000000       0x30 ./Core/Src/can.o
 .debug_aranges
                0x00000030       0x50 ./Core/Src/freertos.o
 .debug_aranges
                0x00000080       0x20 ./Core/Src/gpio.o
 .debug_aranges
                0x000000a0       0x30 ./Core/Src/i2c.o
 .debug_aranges
                0x000000d0       0x30 ./Core/Src/main.o
 .debug_aranges
                0x00000100       0x20 ./Core/Src/stm32f1xx_hal_msp.o
 .debug_aranges
                0x00000120       0x50 ./Core/Src/stm32f1xx_it.o
 .debug_aranges
                0x00000170       0x28 ./Core/Src/system_stm32f1xx.o
 .debug_aranges
                0x00000198       0x30 ./Core/Src/usart.o
 .debug_aranges
                0x000001c8       0x28 ./Core/Startup/startup_stm32f103c8tx.o
 .debug_aranges
                0x000001f0       0xe0 ./Drivers/STM32F1xx_HAL_Driver/stm32f1xx_hal.o
 .debug_aranges
                0x000002d0      0x138 ./Drivers/STM32F1xx_HAL_Driver/stm32f1xx_hal_can.o
 .debug_aranges
                0x00000408      0x100 ./Drivers/STM32F1xx_HAL_Driver/stm32f1xx_hal_cortex.o
 .debug_aranges
                0x00000508       0x58 ./Drivers/STM32F1xx_HAL_Driver/stm32f1xx_hal_gpio.o
 .debug_aranges
                0x00000560      0x2a8 ./Drivers/STM32F1xx_HAL_Driver/stm32f1xx_hal_i2c.o
 .debug_aranges
                0x00000808       0x90 ./Drivers/STM32F1xx_HAL_Driver/stm32f1xx_hal_rcc.o
 .debug_aranges
                0x00000898      0x208 ./Drivers/STM32F1xx_HAL_Driver/stm32f1xx_hal_uart.o
 .debug_aranges
                0x00000aa0      0x2a8 ./Middlewares/FreeRTOS/cmsis_os2.o
 .debug_aranges
                0x00000d48       0x58 ./Middlewares/FreeRTOS/heap_4.o
 .debug_aranges
                0x00000da0       0x40 ./Middlewares/FreeRTOS/list.o
 .debug_aranges
                0x00000de0       0x78 ./Middlewares/FreeRTOS/port.o
 .debug_aranges
                0x00000e58      0x158 ./Middlewares/FreeRTOS/queue.o
 .debug_aranges
                0x00000fb0      0x208 ./Middlewares/FreeRTOS/tasks.o
 .debug_aranges
                0x000011b8       0xf0 ./Middlewares/FreeRTOS/timers.o

.debug_rnglists
                0x00000000      0xe68
 .debug_rnglists
                0x00000000       0x20 ./Core/Src/can.o
 .debug_rnglists
                0x00000020       0x39 ./Core/Src/freertos.o
 .debug_rnglists
                0x00000059       0x14 ./Core/Src/gpio.o
 .debug_rnglists
                0x0000006d       0x1f ./Core/Src/i2c.o
 .debug_rnglists
                0x0000008c       0x20 ./Core/Src/main.o
 .debug_rnglists
                0x000000ac       0x13 ./Core/Src/stm32f1xx_hal_msp.o
 .debug_rnglists
                0x000000bf       0x37 ./Core/Src/stm32f1xx_it.o
 .debug_rnglists
                0x000000f6       0x1a ./Core/Src/system_stm32f1xx.o
 .debug_rnglists
                0x00000110       0x20 ./Core/Src/usart.o
 .debug_rnglists
                0x00000130       0x19 ./Core/Startup/startup_stm32f103c8tx.o
 .debug_rnglists
                0x00000149       0xa3 ./Drivers/STM32F1xx_HAL_Driver/stm32f1xx_hal.o
 .debug_rnglists
                0x000001ec       0xed ./Drivers/STM32F1xx_HAL_Driver/stm32f1xx_hal_can.o
 .debug_rnglists
                0x000002d9       0xbb ./Drivers/STM32F1xx_HAL_Driver/stm32f1xx_hal_cortex.o
 .debug_rnglists
                0x00000394       0x3f ./Drivers/STM32F1xx_HAL_Driver/stm32f1xx_hal_gpio.o
 .debug_rnglists
                0x000003d3      0x23c ./Drivers/STM32F1xx_HAL_Driver/stm32f1xx_hal_i2c.o
 .debug_rnglists
                0x0000060f       0x6c ./Drivers/STM32F1xx_HAL_Driver/stm32f1xx_hal_rcc.o
 .debug_rnglists
                0x0000067b      0x1bc ./Drivers/STM32F1xx_HAL_Driver/stm32f1xx_hal_uart.o
 .debug_rnglists
                0x00000837      0x20c ./Middlewares/FreeRTOS/cmsis_os2.o
 .debug_rnglists
                0x00000a43       0x42 ./Middlewares/FreeRTOS/heap_4.o
 .debug_rnglists
                0x00000a85       0x2b ./Middlewares/FreeRTOS/list.o
 .debug_rnglists
                0x00000ab0       0x57 ./Middlewares/FreeRTOS/port.o
 .debug_rnglists
                0x00000b07      0x109 ./Middlewares/FreeRTOS/queue.o
 .debug_rnglists
                0x00000c10      0x1a0 ./Middlewares/FreeRTOS/tasks.o
 .debug_rnglists
                0x00000db0       0xb8 ./Middlewares/FreeRTOS/timers.o

.debug_macro    0x00000000    0x1938b
 .debug_macro   0x00000000      0x1b6 ./Core/Src/can.o
 .debug_macro   0x000001b6      0xacc ./Core/Src/can.o
 .debug_macro   0x00000c82      0x221 ./Core/Src/can.o
 .debug_macro   0x00000ea3       0x2e ./Core/Src/can.o
 .debug_macro   0x00000ed1       0x22 ./Core/Src/can.o
 .debug_macro   0x00000ef3       0x22 ./Core/Src/can.o
 .debug_macro   0x00000f15       0x8e ./Core/Src/can.o
 .debug_macro   0x00000fa3       0x51 ./Core/Src/can.o
 .debug_macro   0x00000ff4      0x103 ./Core/Src/can.o
 .debug_macro   0x000010f7       0x6a ./Core/Src/can.o
 .debug_macro   0x00001161      0x1df ./Core/Src/can.o
 .debug_macro   0x00001340       0x1c ./Core/Src/can.o
 .debug_macro   0x0000135c       0x22 ./Core/Src/can.o
 .debug_macro   0x0000137e       0xbd ./Core/Src/can.o
 .debug_macro   0x0000143b      0xd23 ./Core/Src/can.o
 .debug_macro   0x0000215e     0xe09e ./Core/Src/can.o
 .debug_macro   0x000101fc       0x6d ./Core/Src/can.o
 .debug_macro   0x00010269     0x34a2 ./Core/Src/can.o
 .debug_macro   0x0001370b      0x190 ./Core/Src/can.o
 .debug_macro   0x0001389b       0x5c ./Core/Src/can.o
 .debug_macro   0x000138f7      0x5bc ./Core/Src/can.o
 .debug_macro   0x00013eb3      0x289 ./Core/Src/can.o
 .debug_macro   0x0001413c      0x1cb ./Core/Src/can.o
 .debug_macro   0x00014307      0x114 ./Core/Src/can.o
 .debug_macro   0x0001441b      0x1b2 ./Core/Src/can.o
 .debug_macro   0x000145cd       0x27 ./Core/Src/can.o
 .debug_macro   0x000145f4      0x136 ./Core/Src/can.o
 .debug_macro   0x0001472a      0x1bc ./Core/Src/can.o
 .debug_macro   0x000148e6       0x34 ./Core/Src/can.o
 .debug_macro   0x0001491a       0x3c ./Core/Src/can.o
 .debug_macro   0x00014956      0x408 ./Core/Src/can.o
 .debug_macro   0x00014d5e       0x57 ./Core/Src/can.o
 .debug_macro   0x00014db5       0x87 ./Core/Src/can.o
 .debug_macro   0x00014e3c      0x240 ./Core/Src/can.o
 .debug_macro   0x0001507c      0x287 ./Core/Src/can.o
 .debug_macro   0x00015303      0x140 ./Core/Src/can.o
 .debug_macro   0x00015443      0x28e ./Core/Src/can.o
 .debug_macro   0x000156d1       0x83 ./Core/Src/can.o
 .debug_macro   0x00015754      0x26a ./Core/Src/freertos.o
 .debug_macro   0x000159be      0x130 ./Core/Src/freertos.o
 .debug_macro   0x00015aee      0x15a ./Core/Src/freertos.o
 .debug_macro   0x00015c48       0xc9 ./Core/Src/freertos.o
 .debug_macro   0x00015d11       0x1c ./Core/Src/freertos.o
 .debug_macro   0x00015d2d       0x26 ./Core/Src/freertos.o
 .debug_macro   0x00015d53      0x4da ./Core/Src/freertos.o
 .debug_macro   0x0001622d       0xb5 ./Core/Src/freertos.o
 .debug_macro   0x000162e2       0xaa ./Core/Src/freertos.o
 .debug_macro   0x0001638c       0x6c ./Core/Src/freertos.o
 .debug_macro   0x000163f8       0x74 ./Core/Src/freertos.o
 .debug_macro   0x0001646c       0xdd ./Core/Src/freertos.o
 .debug_macro   0x00016549       0x87 ./Core/Src/freertos.o
 .debug_macro   0x000165d0       0x9a ./Core/Src/freertos.o
 .debug_macro   0x0001666a      0x1b6 ./Core/Src/gpio.o
 .debug_macro   0x00016820      0x1b6 ./Core/Src/i2c.o
 .debug_macro   0x000169d6      0x268 ./Core/Src/main.o
 .debug_macro   0x00016c3e      0x130 ./Core/Src/main.o
 .debug_macro   0x00016d6e       0x66 ./Core/Src/main.o
 .debug_macro   0x00016dd4      0x1ac ./Core/Src/stm32f1xx_hal_msp.o
 .debug_macro   0x00016f80      0x21e ./Core/Src/stm32f1xx_it.o
 .debug_macro   0x0001719e      0x1a2 ./Core/Src/system_stm32f1xx.o
 .debug_macro   0x00017340      0x1b6 ./Core/Src/usart.o
 .debug_macro   0x000174f6      0x1c6 ./Drivers/STM32F1xx_HAL_Driver/stm32f1xx_hal.o
 .debug_macro   0x000176bc      0x1b1 ./Drivers/STM32F1xx_HAL_Driver/stm32f1xx_hal_can.o
 .debug_macro   0x0001786d      0x1a2 ./Drivers/STM32F1xx_HAL_Driver/stm32f1xx_hal_cortex.o
 .debug_macro   0x00017a0f      0x20d ./Drivers/STM32F1xx_HAL_Driver/stm32f1xx_hal_gpio.o
 .debug_macro   0x00017c1c      0x1f0 ./Drivers/STM32F1xx_HAL_Driver/stm32f1xx_hal_i2c.o
 .debug_macro   0x00017e0c      0x1b4 ./Drivers/STM32F1xx_HAL_Driver/stm32f1xx_hal_rcc.o
 .debug_macro   0x00017fc0      0x1a3 ./Drivers/STM32F1xx_HAL_Driver/stm32f1xx_hal_uart.o
 .debug_macro   0x00018163      0x39e ./Middlewares/FreeRTOS/cmsis_os2.o
 .debug_macro   0x00018501       0x10 ./Middlewares/FreeRTOS/cmsis_os2.o
 .debug_macro   0x00018511       0x20 ./Middlewares/FreeRTOS/cmsis_os2.o
 .debug_macro   0x00018531       0x10 ./Middlewares/FreeRTOS/cmsis_os2.o
 .debug_macro   0x00018541       0xb7 ./Middlewares/FreeRTOS/cmsis_os2.o
 .debug_macro   0x000185f8       0x91 ./Middlewares/FreeRTOS/cmsis_os2.o
 .debug_macro   0x00018689       0x8d ./Middlewares/FreeRTOS/cmsis_os2.o
 .debug_macro   0x00018716       0x22 ./Middlewares/FreeRTOS/cmsis_os2.o
 .debug_macro   0x00018738       0x56 ./Middlewares/FreeRTOS/cmsis_os2.o
 .debug_macro   0x0001878e       0x28 ./Middlewares/FreeRTOS/cmsis_os2.o
 .debug_macro   0x000187b6      0x1ae ./Middlewares/FreeRTOS/heap_4.o
 .debug_macro   0x00018964      0x187 ./Middlewares/FreeRTOS/list.o
 .debug_macro   0x00018aeb      0x172 ./Middlewares/FreeRTOS/port.o
 .debug_macro   0x00018c5d      0x216 ./Middlewares/FreeRTOS/queue.o
 .debug_macro   0x00018e73       0x16 ./Middlewares/FreeRTOS/queue.o
 .debug_macro   0x00018e89      0x27f ./Middlewares/FreeRTOS/tasks.o
 .debug_macro   0x00019108       0x10 ./Middlewares/FreeRTOS/tasks.o
 .debug_macro   0x00019118      0x1dc ./Middlewares/FreeRTOS/timers.o
 .debug_macro   0x000192f4       0x97 ./Middlewares/FreeRTOS/timers.o

.debug_line     0x00000000    0x16df7
 .debug_line    0x00000000      0x7aa ./Core/Src/can.o
 .debug_line    0x000007aa      0xab2 ./Core/Src/freertos.o
 .debug_line    0x0000125c      0x741 ./Core/Src/gpio.o
 .debug_line    0x0000199d      0x79c ./Core/Src/i2c.o
 .debug_line    0x00002139      0x9c2 ./Core/Src/main.o
 .debug_line    0x00002afb      0x734 ./Core/Src/stm32f1xx_hal_msp.o
 .debug_line    0x0000322f      0x934 ./Core/Src/stm32f1xx_it.o
 .debug_line    0x00003b63      0x7b1 ./Core/Src/system_stm32f1xx.o
 .debug_line    0x00004314      0x7a6 ./Core/Src/usart.o
 .debug_line    0x00004aba       0x78 ./Core/Startup/startup_stm32f103c8tx.o
 .debug_line    0x00004b32      0xa1a ./Drivers/STM32F1xx_HAL_Driver/stm32f1xx_hal.o
 .debug_line    0x0000554c     0x1210 ./Drivers/STM32F1xx_HAL_Driver/stm32f1xx_hal_can.o
 .debug_line    0x0000675c      0xbe1 ./Drivers/STM32F1xx_HAL_Driver/stm32f1xx_hal_cortex.o
 .debug_line    0x0000733d      0xa71 ./Drivers/STM32F1xx_HAL_Driver/stm32f1xx_hal_gpio.o
 .debug_line    0x00007dae     0x3c14 ./Drivers/STM32F1xx_HAL_Driver/stm32f1xx_hal_i2c.o
 .debug_line    0x0000b9c2      0xed0 ./Drivers/STM32F1xx_HAL_Driver/stm32f1xx_hal_rcc.o
 .debug_line    0x0000c892     0x2533 ./Drivers/STM32F1xx_HAL_Driver/stm32f1xx_hal_uart.o
 .debug_line    0x0000edc5     0x257a ./Middlewares/FreeRTOS/cmsis_os2.o
 .debug_line    0x0001133f      0x99d ./Middlewares/FreeRTOS/heap_4.o
 .debug_line    0x00011cdc      0x787 ./Middlewares/FreeRTOS/list.o
 .debug_line    0x00012463      0x786 ./Middlewares/FreeRTOS/port.o
 .debug_line    0x00012be9     0x171b ./Middlewares/FreeRTOS/queue.o
 .debug_line    0x00014304     0x1cfe ./Middlewares/FreeRTOS/tasks.o
 .debug_line    0x00016002      0xdf5 ./Middlewares/FreeRTOS/timers.o

.debug_str      0x00000000    0x911f5
 .debug_str     0x00000000    0x911f5 ./Core/Src/can.o
                              0x807dd (size before relaxing)
 .debug_str     0x000911f5    0x869f7 ./Core/Src/freertos.o
 .debug_str     0x000911f5    0x80507 ./Core/Src/gpio.o
 .debug_str     0x000911f5    0x809c1 ./Core/Src/i2c.o
 .debug_str     0x000911f5    0x84f53 ./Core/Src/main.o
 .debug_str     0x000911f5    0x80783 ./Core/Src/stm32f1xx_hal_msp.o
 .debug_str     0x000911f5    0x841c8 ./Core/Src/stm32f1xx_it.o
 .debug_str     0x000911f5    0x804ba ./Core/Src/system_stm32f1xx.o
 .debug_str     0x000911f5    0x8094f ./Core/Src/usart.o
 .debug_str     0x000911f5       0x6c ./Core/Startup/startup_stm32f103c8tx.o
 .debug_str     0x000911f5    0x80c22 ./Drivers/STM32F1xx_HAL_Driver/stm32f1xx_hal.o
 .debug_str     0x000911f5    0x80cf7 ./Drivers/STM32F1xx_HAL_Driver/stm32f1xx_hal_can.o
 .debug_str     0x000911f5    0x80b6e ./Drivers/STM32F1xx_HAL_Driver/stm32f1xx_hal_cortex.o
 .debug_str     0x000911f5    0x80875 ./Drivers/STM32F1xx_HAL_Driver/stm32f1xx_hal_gpio.o
 .debug_str     0x000911f5    0x815b6 ./Drivers/STM32F1xx_HAL_Driver/stm32f1xx_hal_i2c.o
 .debug_str     0x000911f5    0x8091e ./Drivers/STM32F1xx_HAL_Driver/stm32f1xx_hal_rcc.o
 .debug_str     0x000911f5    0x80f8f ./Drivers/STM32F1xx_HAL_Driver/stm32f1xx_hal_uart.o
 .debug_str     0x000911f5    0x8b043 ./Middlewares/FreeRTOS/cmsis_os2.o
 .debug_str     0x000911f5     0xb3f2 ./Middlewares/FreeRTOS/heap_4.o
 .debug_str     0x000911f5     0xaab0 ./Middlewares/FreeRTOS/list.o
 .debug_str     0x000911f5     0x85cc ./Middlewares/FreeRTOS/port.o
 .debug_str     0x000911f5     0xc5f0 ./Middlewares/FreeRTOS/queue.o
 .debug_str     0x000911f5     0xd0ad ./Middlewares/FreeRTOS/tasks.o
 .debug_str     0x000911f5     0xcb22 ./Middlewares/FreeRTOS/timers.o

.comment        0x00000000       0x43
 .comment       0x00000000       0x43 ./Core/Src/can.o
                                 0x44 (size before relaxing)
 .comment       0x00000043       0x44 ./Core/Src/freertos.o
 .comment       0x00000043       0x44 ./Core/Src/gpio.o
 .comment       0x00000043       0x44 ./Core/Src/i2c.o
 .comment       0x00000043       0x44 ./Core/Src/main.o
 .comment       0x00000043       0x44 ./Core/Src/stm32f1xx_hal_msp.o
 .comment       0x00000043       0x44 ./Core/Src/stm32f1xx_it.o
 .comment       0x00000043       0x44 ./Core/Src/system_stm32f1xx.o
 .comment       0x00000043       0x44 ./Core/Src/usart.o
 .comment       0x00000043       0x44 ./Drivers/STM32F1xx_HAL_Driver/stm32f1xx_hal.o
 .comment       0x00000043       0x44 ./Drivers/STM32F1xx_HAL_Driver/stm32f1xx_hal_can.o
 .comment       0x00000043       0x44 ./Drivers/STM32F1xx_HAL_Driver/stm32f1xx_hal_cortex.o
 .comment       0x00000043       0x44 ./Drivers/STM32F1xx_HAL_Driver/stm32f1xx_hal_gpio.o
 .comment       0x00000043       0x44 ./Drivers/STM32F1xx_HAL_Driver/stm32f1xx_hal_i2c.o
 .comment       0x00000043       0x44 ./Drivers/STM32F1xx_HAL_Driver/stm32f1xx_hal_rcc.o
 .comment       0x00000043       0x44 ./Drivers/STM32F1xx_HAL_Driver/stm32f1xx_hal_uart.o
 .comment       0x00000043       0x44 ./Middlewares/FreeRTOS/cmsis_os2.o
 .comment       0x00000043       0x44 ./Middlewares/FreeRTOS/heap_4.o
 .comment       0x00000043       0x44 ./Middlewares/FreeRTOS/list.o
 .comment       0x00000043       0x44 ./Middlewares/FreeRTOS/port.o
 .comment       0x00000043       0x44 ./Middlewares/FreeRTOS/queue.o
 .comment       0x00000043       0x44 ./Middlewares/FreeRTOS/tasks.o
 .comment       0x00000043       0x44 ./Middlewares/FreeRTOS/timers.o

.debug_frame    0x00000000     0x4a08
 .debug_frame   0x00000000       0x74 ./Core/Src/can.o
 .debug_frame   0x00000074       0xf4 ./Core/Src/freertos.o
 .debug_frame   0x00000168       0x34 ./Core/Src/gpio.o
 .debug_frame   0x0000019c       0x74 ./Core/Src/i2c.o
 .debug_frame   0x00000210       0x68 ./Core/Src/main.o
 .debug_frame   0x00000278       0x34 ./Core/Src/stm32f1xx_hal_msp.o
 .debug_frame   0x000002ac       0xc0 ./Core/Src/stm32f1xx_it.o
 .debug_frame   0x0000036c       0x50 ./Core/Src/system_stm32f1xx.o
 .debug_frame   0x000003bc       0x74 ./Core/Src/usart.o
 .debug_frame   0x00000430      0x2e4 ./Drivers/STM32F1xx_HAL_Driver/stm32f1xx_hal.o
 .debug_frame   0x00000714      0x524 ./Drivers/STM32F1xx_HAL_Driver/stm32f1xx_hal_can.o
 .debug_frame   0x00000c38      0x3f0 ./Drivers/STM32F1xx_HAL_Driver/stm32f1xx_hal_cortex.o
 .debug_frame   0x00001028      0x130 ./Drivers/STM32F1xx_HAL_Driver/stm32f1xx_hal_gpio.o
 .debug_frame   0x00001158      0xbf4 ./Drivers/STM32F1xx_HAL_Driver/stm32f1xx_hal_i2c.o
 .debug_frame   0x00001d4c      0x1f8 ./Drivers/STM32F1xx_HAL_Driver/stm32f1xx_hal_rcc.o
 .debug_frame   0x00001f44      0x8dc ./Drivers/STM32F1xx_HAL_Driver/stm32f1xx_hal_uart.o
 .debug_frame   0x00002820      0xb80 ./Middlewares/FreeRTOS/cmsis_os2.o
 .debug_frame   0x000033a0      0x118 ./Middlewares/FreeRTOS/heap_4.o
 .debug_frame   0x000034b8       0xc4 ./Middlewares/FreeRTOS/list.o
 .debug_frame   0x0000357c      0x17c ./Middlewares/FreeRTOS/port.o
 .debug_frame   0x000036f8      0x5c0 ./Middlewares/FreeRTOS/queue.o
 .debug_frame   0x00003cb8      0x8b0 ./Middlewares/FreeRTOS/tasks.o
 .debug_frame   0x00004568      0x3e4 ./Middlewares/FreeRTOS/timers.o
 .debug_frame   0x0000494c       0x20 /home/yusuf/st/stm32cubeide_2.2.0/plugins/com.st.stm32cube.ide.mcu.externaltools.gnu-tools-for-stm32.14.3.rel1.linux64_1.0.100.202602081740/tools/bin/../lib/gcc/arm-none-eabi/14.3.1/../../../../arm-none-eabi/lib/thumb/v7-m/nofp/libc_nano.a(libc_a-memset.o)
 .debug_frame   0x0000496c       0x2c /home/yusuf/st/stm32cubeide_2.2.0/plugins/com.st.stm32cube.ide.mcu.externaltools.gnu-tools-for-stm32.14.3.rel1.linux64_1.0.100.202602081740/tools/bin/../lib/gcc/arm-none-eabi/14.3.1/../../../../arm-none-eabi/lib/thumb/v7-m/nofp/libc_nano.a(libc_a-init.o)
 .debug_frame   0x00004998       0x28 /home/yusuf/st/stm32cubeide_2.2.0/plugins/com.st.stm32cube.ide.mcu.externaltools.gnu-tools-for-stm32.14.3.rel1.linux64_1.0.100.202602081740/tools/bin/../lib/gcc/arm-none-eabi/14.3.1/../../../../arm-none-eabi/lib/thumb/v7-m/nofp/libc_nano.a(libc_a-memcpy-stub.o)
 .debug_frame   0x000049c0       0x24 /home/yusuf/st/stm32cubeide_2.2.0/plugins/com.st.stm32cube.ide.mcu.externaltools.gnu-tools-for-stm32.14.3.rel1.linux64_1.0.100.202602081740/tools/bin/../lib/gcc/arm-none-eabi/14.3.1/thumb/v7-m/nofp/libgcc.a(_arm_mulsf3.o)
 .debug_frame   0x000049e4       0x24 /home/yusuf/st/stm32cubeide_2.2.0/plugins/com.st.stm32cube.ide.mcu.externaltools.gnu-tools-for-stm32.14.3.rel1.linux64_1.0.100.202602081740/tools/bin/../lib/gcc/arm-none-eabi/14.3.1/thumb/v7-m/nofp/libgcc.a(_arm_fixsfsi.o)

.debug_line_str
                0x00000000       0x50
 .debug_line_str
                0x00000000       0x50 ./Core/Startup/startup_stm32f103c8tx.o
